Hello, Client! You are connected from 127.0.0.1:57842.
